 ContextVerse  solo · CLI wrapper                                                         0.0.0-dev
  1 Space    2 Projects    3 Files    4 Plugins    5 Output    6 Graph    ? Help
┌─────────────────────────────────────────────────────┐┌───────────────────────────────────────────┐
│ Files                                               ││ Detail                                    │
│  context-entry.md  —                                ││ File: context-entry.md                    │
│  decisions.md  —                                    ││ Version: not yet versioned — editing it   │
│  identity/me.md  —                                  ││ records v1                                │
│  projects/README.md  —                              ││                                           │
│  space-index.md  —                                  ││ enter  edit in your editor                │
│  team/principles.md  —                              ││ v      preview                            │
│  team/skill-map.md  —                               ││ V      version history                    │
│  team/space-map.md  —                               ││ r      refresh list                       │
│                                                     ││                                           │
│                                                     ││                                           │
│                                                     ││                                           │
│                                                     ││                                           │
│                                                     ││                                           │
│                                                     ││                                           │
│                                                     ││                                           │
│                                                     ││                                           │
│                                                     ││                                           │
│                                                     ││                                           │
│                                                     ││                                           │
│                                                     ││                                           │
│                                                     ││                                           │
│                                                     ││                                           │
│                                                     ││                                           │
│                                                     ││                                           │
│                                                     ││                                           │
│                                                     ││                                           │
│                                                     ││                                           │
 enter edit · v preview · V versions · esc back · r refresh · 1–5 · q
