 ContextVerse  solo · CLI wrapper                                                         0.0.0-dev
  1 Space    2 Projects    3 Files    4 Plugins    5 Output    6 Graph    ? Help
┌────────────────────────────────────┐┌────────────────────────────────────────────────────────────┐
│ Layers                             ││ Overview                                                   │
│  identity       1 files            ││ Space     /space                                           │
│  team           3 files            ││ Mode      solo                                             │
│  projects       1 files            ││ Identity  test (test)                                      │
│                                    ││ Projects  0                                                │
│                                    ││ Plugins   0 detected / 5 known                             │
│                                    ││                                                            │
│                                    ││ cwd  /work                                                 │
│                                    ││                                                            │
│                                    ││ Quick:                                                     │
│                                    ││   a  activate   i  install hooks                           │
│                                    ││   s  status     3  files tab   4  plugins tab              │
│                                    ││                                                            │
│                                    ││ identity                                                   │
│                                    ││ 1 files under /space/identity                              │
│                                    ││                                                            │
│                                    ││                                                            │
│                                    ││                                                            │
│                                    ││                                                            │
│                                    ││                                                            │
│                                    ││                                                            │
│                                    ││                                                            │
│                                    ││                                                            │
│                                    ││                                                            │
│                                    ││                                                            │
│                                    ││                                                            │
│                                    ││                                                            │
│                                    ││                                                            │
 a activate · i install · s status · ! shell · r refresh · 1–5 · j/k · ? · q
